// Jest Snapshot v1, https://goo.gl/fbAQLP

exports[`Smoke Test Shows the program help if no arguments are passed 1`] = `
"[2J[0f                      _ 
                     | |
  ____   ____   ____ | |
 / ___) / _  | / _  || |
( (___ ( ( | || | | || |
 \\\\____) \\\\_|| | \\\\_|| ||_|
       (_____|    |_|   
Usage: cgql [options] [command]

Options:
  -V, --version                  output the version number
  -h, --help                     display help for command

Commands:
  create-secrets                 Create secrets used for PostgreSQL. You will
                                 be prompted
  init-docker-compose [options]  Access the latest version of docker-compose
                                 to use as boilerplate
  help [command]                 display help for command
"
`;
